10-10-2000 : Birthday Party : At Home
10-10-2000 : Birthday Party : At Home
10-10-2000 : Meeting : In park
