10-10-2000 : Birthday Party : At Home
10-10-2000 : Meeting : In park
13-10-2000 : Dinner : At Home
10-10-2000 : Birthday Party : At Home
10-10-2000 : Meeting : In park
16-12-1999 : Party : In park
