10-10-2000 : Birthday Party : At Home
10-10-2000 : Meeting : At cafe
13-10-2000 : New Dinner : At resteraunt
10-10-2000 : Birthday Party : At Home
