Missing event name
Multiple errors occur
Unable to parse date
Error: not enough arguments
Error: not enough arguments
Not enough arguments given
Unable to update, event does not exist
